---------------------------
File is not valid JSON: EOF while parsing a value at line 1 column 0  at .

Debug info:
- Execution of subscribe_issues_and_diags_operation failed
- Execution of <AppEndpoint as Endpoint>::server_changed failed
- Execution of *Project::server_changed failed
- Execution of *AppEndpointOutput::server_assets failed
- Execution of AppEndpoint::output failed
- Execution of AppEndpoint::app_page_entry failed
- Execution of *get_app_page_entry failed
- Execution of AppProject::rsc_module_context failed
- Execution of *ModuleAssetContext::new failed
- Execution of *AppProject::get_rsc_transitions failed
- Execution of AppProject::ecmascript_client_reference_transition failed
- Execution of *NextEcmascriptClientReferenceTransition::new failed
- Execution of AppProject::client_transition failed
- Execution of *FullContextTransition::new failed
- Execution of AppProject::client_module_context failed
- Execution of *ModuleAssetContext::new failed
- Execution of get_client_module_options_context failed
- Execution of *get_jsx_transform_options failed
- Execution of get_client_resolve_options_context failed
- Execution of get_transpiled_packages failed
- File is not valid JSON: EOF while parsing a value at line 1 column 0  at .
---------------------------
Failed to write app endpoint /page

Caused by:
- File is not valid JSON: EOF while parsing a value at line 1 column 0  at .

Debug info:
- Execution of get_written_endpoint_with_issues_operation failed
- Execution of endpoint_write_to_disk failed
- Execution of <AppEndpoint as Endpoint>::output failed
- Failed to write app endpoint /page
- Execution of *all_asset_paths failed
- Execution of *AppEndpointOutput::output_assets failed
- Execution of AppEndpoint::output failed
- Execution of AppEndpoint::app_page_entry failed
- Execution of *get_app_page_entry failed
- Execution of AppProject::rsc_module_context failed
- Execution of *ModuleAssetContext::new failed
- Execution of *AppProject::get_rsc_transitions failed
- Execution of AppProject::ecmascript_client_reference_transition failed
- Execution of *NextEcmascriptClientReferenceTransition::new failed
- Execution of AppProject::client_transition failed
- Execution of *FullContextTransition::new failed
- Execution of AppProject::client_module_context failed
- Execution of *ModuleAssetContext::new failed
- Execution of get_client_module_options_context failed
- Execution of *get_jsx_transform_options failed
- Execution of get_client_resolve_options_context failed
- Execution of get_transpiled_packages failed
- File is not valid JSON: EOF while parsing a value at line 1 column 0  at .
---------------------------
Failed to write app endpoint /page

Caused by:
- File is not valid JSON: EOF while parsing a value at line 1 column 0  at .

Debug info:
- Execution of get_written_endpoint_with_issues_operation failed
- Execution of endpoint_write_to_disk failed
- Execution of <AppEndpoint as Endpoint>::output failed
- Failed to write app endpoint /page
- Execution of *all_asset_paths failed
- Execution of *AppEndpointOutput::output_assets failed
- Execution of AppEndpoint::output failed
- Execution of AppEndpoint::app_page_entry failed
- Execution of *get_app_page_entry failed
- Execution of AppProject::rsc_module_context failed
- Execution of *ModuleAssetContext::new failed
- Execution of *AppProject::get_rsc_transitions failed
- Execution of AppProject::ecmascript_client_reference_transition failed
- Execution of *NextEcmascriptClientReferenceTransition::new failed
- Execution of AppProject::client_transition failed
- Execution of *FullContextTransition::new failed
- Execution of AppProject::client_module_context failed
- Execution of *ModuleAssetContext::new failed
- Execution of get_client_module_options_context failed
- Execution of *get_jsx_transform_options failed
- Execution of get_client_resolve_options_context failed
- Execution of get_transpiled_packages failed
- File is not valid JSON: EOF while parsing a value at line 1 column 0  at .
---------------------------
Failed to write app endpoint /page

Caused by:
- File is not valid JSON: EOF while parsing a value at line 1 column 0  at .

Debug info:
- Execution of get_written_endpoint_with_issues_operation failed
- Execution of endpoint_write_to_disk failed
- Execution of <AppEndpoint as Endpoint>::output failed
- Failed to write app endpoint /page
- Execution of *all_asset_paths failed
- Execution of *AppEndpointOutput::output_assets failed
- Execution of AppEndpoint::output failed
- Execution of AppEndpoint::app_page_entry failed
- Execution of *get_app_page_entry failed
- Execution of AppProject::rsc_module_context failed
- Execution of *ModuleAssetContext::new failed
- Execution of *AppProject::get_rsc_transitions failed
- Execution of AppProject::ecmascript_client_reference_transition failed
- Execution of *NextEcmascriptClientReferenceTransition::new failed
- Execution of AppProject::client_transition failed
- Execution of *FullContextTransition::new failed
- Execution of AppProject::client_module_context failed
- Execution of *ModuleAssetContext::new failed
- Execution of get_client_module_options_context failed
- Execution of *get_jsx_transform_options failed
- Execution of get_client_resolve_options_context failed
- Execution of get_transpiled_packages failed
- File is not valid JSON: EOF while parsing a value at line 1 column 0  at .
